// Jest Snapshot v1, https://goo.gl/fbAQLP

exports[`Get getTransactionsByAccountId integration testing should get P2P among other transactions for a specific account 1`] = `
Array [
  NonCardTransaction {
    "amount": AmountPositive {
      "amount": 2,
    },
    "bankAccountId": "1388",
    "clearingDate": null,
    "conversionRate": null,
    "counterParty": Object {
      "fullname": "Testvirement",
      "iban": "FR02xxxxxxxxxxxxxxxx3L43",
      "id": "992",
    },
    "currency": "EUR",
    "date": 2020-09-01T17:06:03.000Z,
    "direction": "OUT",
    "fees": null,
    "isDeposit": false,
    "label": "Not provided",
    "originalAmount": AmountPositive {
      "amount": 2,
    },
    "refId": "a-9F3q0Ov",
    "rejectionReason": null,
    "status": "CLEARED",
    "type": "TRANSFER",
  },
  NonCardTransaction {
    "amount": AmountPositive {
      "amount": 2,
    },
    "bankAccountId": "1388",
    "clearingDate": null,
    "conversionRate": null,
    "counterParty": Object {
      "fullname": "Testvirement",
      "iban": "FR02xxxxxxxxxxxxxxxx3L43",
      "id": "992",
    },
    "currency": "EUR",
    "date": 2020-09-01T17:06:16.000Z,
    "direction": "OUT",
    "fees": null,
    "isDeposit": false,
    "label": "Not provided",
    "originalAmount": AmountPositive {
      "amount": 2,
    },
    "refId": "wZRl5OM2y",
    "rejectionReason": null,
    "status": "CLEARED",
    "type": "TRANSFER",
  },
  NonCardTransaction {
    "amount": AmountPositive {
      "amount": 1000,
    },
    "bankAccountId": "1388",
    "clearingDate": 2020-09-03T08:23:13.512Z,
    "conversionRate": null,
    "counterParty": Object {
      "fullname": "Jane Doe",
      "iban": "iban_value",
      "id": "456",
    },
    "currency": "EUR",
    "date": 2020-09-03T08:23:13.512Z,
    "direction": "IN",
    "fees": null,
    "isDeposit": false,
    "label": "p2p received",
    "originalAmount": AmountPositive {
      "amount": 1000,
    },
    "refId": "gaerh",
    "rejectionReason": null,
    "status": "CLEARED",
    "tag": "tag_value",
    "type": "P2P",
  },
  NonCardTransaction {
    "amount": AmountPositive {
      "amount": 4,
    },
    "bankAccountId": "1388",
    "clearingDate": 2020-09-03T16:20:45.000Z,
    "conversionRate": 1,
    "currency": undefined,
    "date": 2020-09-03T16:20:45.000Z,
    "direction": "OUT",
    "fees": null,
    "isDeposit": false,
    "label": "BNP Paribas",
    "originalAmount": AmountPositive {
      "amount": 4,
    },
    "refId": "Tdle-sdyn",
    "rejectionReason": null,
    "status": "PENDING",
    "type": "ATM",
  },
  NonCardTransaction {
    "amount": AmountPositive {
      "amount": 4,
    },
    "bankAccountId": "1388",
    "clearingDate": 2020-09-03T16:21:07.000Z,
    "conversionRate": 1,
    "currency": undefined,
    "date": 2020-09-03T16:21:07.000Z,
    "direction": "OUT",
    "fees": null,
    "isDeposit": false,
    "label": "BNP Paribas",
    "originalAmount": AmountPositive {
      "amount": 4,
    },
    "refId": "vAPKLJrJP",
    "rejectionReason": null,
    "status": "PENDING",
    "type": "ATM",
  },
  NonCardTransaction {
    "amount": AmountPositive {
      "amount": 6,
    },
    "bankAccountId": "1388",
    "clearingDate": 2020-09-03T16:24:42.000Z,
    "conversionRate": 1,
    "currency": undefined,
    "date": 2020-09-03T16:24:42.000Z,
    "direction": "OUT",
    "fees": null,
    "isDeposit": false,
    "label": "BNP Paribas",
    "originalAmount": AmountPositive {
      "amount": 6,
    },
    "refId": "DSPxRpsta",
    "rejectionReason": null,
    "status": "PENDING",
    "type": "ATM",
  },
]
`;

exports[`Get getTransactionsByAccountId integration testing should not get P2P when date not corresponding 1`] = `
Array [
  NonCardTransaction {
    "amount": AmountPositive {
      "amount": 2,
    },
    "bankAccountId": "1388",
    "clearingDate": null,
    "conversionRate": null,
    "counterParty": Object {
      "fullname": "Testvirement",
      "iban": "FR02xxxxxxxxxxxxxxxx3L43",
      "id": "992",
    },
    "currency": "EUR",
    "date": 2020-09-01T17:06:03.000Z,
    "direction": "OUT",
    "fees": null,
    "isDeposit": false,
    "label": "Not provided",
    "originalAmount": AmountPositive {
      "amount": 2,
    },
    "refId": "a-9F3q0Ov",
    "rejectionReason": null,
    "status": "CLEARED",
    "type": "TRANSFER",
  },
  NonCardTransaction {
    "amount": AmountPositive {
      "amount": 2,
    },
    "bankAccountId": "1388",
    "clearingDate": null,
    "conversionRate": null,
    "counterParty": Object {
      "fullname": "Testvirement",
      "iban": "FR02xxxxxxxxxxxxxxxx3L43",
      "id": "992",
    },
    "currency": "EUR",
    "date": 2020-09-01T17:06:16.000Z,
    "direction": "OUT",
    "fees": null,
    "isDeposit": false,
    "label": "Not provided",
    "originalAmount": AmountPositive {
      "amount": 2,
    },
    "refId": "wZRl5OM2y",
    "rejectionReason": null,
    "status": "CLEARED",
    "type": "TRANSFER",
  },
  NonCardTransaction {
    "amount": AmountPositive {
      "amount": 1000,
    },
    "bankAccountId": "1388",
    "clearingDate": 2020-09-03T08:23:13.512Z,
    "conversionRate": null,
    "counterParty": Object {
      "fullname": "Jane Doe",
      "iban": "iban_value",
      "id": "456",
    },
    "currency": "EUR",
    "date": 2020-09-03T08:23:13.512Z,
    "direction": "IN",
    "fees": null,
    "isDeposit": false,
    "label": "p2p received",
    "originalAmount": AmountPositive {
      "amount": 1000,
    },
    "refId": "gaerh",
    "rejectionReason": null,
    "status": "CLEARED",
    "tag": "tag_value",
    "type": "P2P",
  },
  NonCardTransaction {
    "amount": AmountPositive {
      "amount": 4,
    },
    "bankAccountId": "1388",
    "clearingDate": 2020-09-03T16:20:45.000Z,
    "conversionRate": 1,
    "currency": undefined,
    "date": 2020-09-03T16:20:45.000Z,
    "direction": "OUT",
    "fees": null,
    "isDeposit": false,
    "label": "BNP Paribas",
    "originalAmount": AmountPositive {
      "amount": 4,
    },
    "refId": "Tdle-sdyn",
    "rejectionReason": null,
    "status": "PENDING",
    "type": "ATM",
  },
  NonCardTransaction {
    "amount": AmountPositive {
      "amount": 4,
    },
    "bankAccountId": "1388",
    "clearingDate": 2020-09-03T16:21:07.000Z,
    "conversionRate": 1,
    "currency": undefined,
    "date": 2020-09-03T16:21:07.000Z,
    "direction": "OUT",
    "fees": null,
    "isDeposit": false,
    "label": "BNP Paribas",
    "originalAmount": AmountPositive {
      "amount": 4,
    },
    "refId": "vAPKLJrJP",
    "rejectionReason": null,
    "status": "PENDING",
    "type": "ATM",
  },
  NonCardTransaction {
    "amount": AmountPositive {
      "amount": 6,
    },
    "bankAccountId": "1388",
    "clearingDate": 2020-09-03T16:24:42.000Z,
    "conversionRate": 1,
    "currency": undefined,
    "date": 2020-09-03T16:24:42.000Z,
    "direction": "OUT",
    "fees": null,
    "isDeposit": false,
    "label": "BNP Paribas",
    "originalAmount": AmountPositive {
      "amount": 6,
    },
    "refId": "DSPxRpsta",
    "rejectionReason": null,
    "status": "PENDING",
    "type": "ATM",
  },
]
`;
